[0m22:43:46.609367 [debug] [MainThread]: Sending event: {'category': 'dbt', 'action': 'invocation', 'label': 'start', 'context': [<snowplow_tracker.self_describing_json.SelfDescribingJson object at 0x0000015BB76ACFB0>, <snowplow_tracker.self_describing_json.SelfDescribingJson object at 0x0000015BB9DA8C20>, <snowplow_tracker.self_describing_json.SelfDescribingJson object at 0x0000015BB9DA92B0>]}


============================== 22:43:46.614368 | 3ddc42c7-b1cb-49f5-8d2e-934a6ac061e8 ==============================
[0m22:43:46.614368 [info ] [MainThread]: Running with dbt=1.11.8
[0m22:43:46.615367 [debug] [MainThread]: running dbt with arguments {'static_parser': 'True', 'no_print': 'None', 'version_check': 'True', 'warn_error_options': 'WarnErrorOptionsV2(error=[], warn=[], silence=[])', 'target_path': 'None', 'printer_width': '80', 'write_json': 'True', 'empty': 'None', 'log_cache_events': 'False', 'introspect': 'True', 'cache_selected_only': 'False', 'fail_fast': 'False', 'debug': 'False', 'log_format': 'default', 'profiles_dir': 'C:\\Users\\patel\\.dbt', 'send_anonymous_usage_stats': 'True', 'quiet': 'False', 'warn_error': 'None', 'partial_parse': 'True', 'use_colors': 'True', 'indirect_selection': 'eager', 'invocation_command': 'dbt init', 'use_experimental_parser': 'False', 'log_path': 'logs'}
[0m22:44:11.176809 [debug] [MainThread]: Starter project path: C:\Users\patel\AWS_DBT_snowflake\.venv\Lib\site-packages\dbt\include\starter_project
[0m22:44:11.197717 [info ] [MainThread]: 
Your new dbt project "aws_dbt_snowflake_final_project" was created!

For more information on how to configure the profiles.yml file,
please consult the dbt documentation here:

  https://docs.getdbt.com/docs/configure-your-profile

One more thing:

Need help? Don't hesitate to reach out to us via GitHub issues or on Slack:

  https://community.getdbt.com/

Happy modeling!

[0m22:44:11.198820 [info ] [MainThread]: Setting up your profile.
[0m22:44:17.565977 [debug] [MainThread]: Snowflake adapter: Setting snowflake.connector to ERROR (file logging only)
[0m22:44:17.567333 [debug] [MainThread]: Snowflake adapter: Setting botocore to ERROR (file logging only)
[0m22:44:17.567333 [debug] [MainThread]: Snowflake adapter: Setting boto3 to ERROR (file logging only)
[0m22:49:24.447547 [info ] [MainThread]: Profile aws_dbt_snowflake_final_project written to C:\Users\patel\.dbt\profiles.yml using target's profile_template.yml and your supplied values. Run 'dbt debug' to validate the connection.
[0m22:49:24.448588 [debug] [MainThread]: Command `dbt init` succeeded at 22:49:24.448588 after 338.00 seconds
[0m22:49:24.448588 [debug] [MainThread]: Sending event: {'category': 'dbt', 'action': 'invocation', 'label': 'end', 'context': [<snowplow_tracker.self_describing_json.SelfDescribingJson object at 0x0000015BB7E05B80>, <snowplow_tracker.self_describing_json.SelfDescribingJson object at 0x0000015BBC0DE240>, <snowplow_tracker.self_describing_json.SelfDescribingJson object at 0x0000015BBC4C8560>]}
[0m22:49:24.449592 [debug] [MainThread]: Flushing usage events
[0m22:49:25.019767 [debug] [MainThread]: An error was encountered while trying to flush usage events
[0m23:36:05.562955 [debug] [MainThread]: Sending event: {'category': 'dbt', 'action': 'invocation', 'label': 'start', 'context': [<snowplow_tracker.self_describing_json.SelfDescribingJson object at 0x000001B82AD35640>, <snowplow_tracker.self_describing_json.SelfDescribingJson object at 0x000001B82B0514F0>, <snowplow_tracker.self_describing_json.SelfDescribingJson object at 0x000001B82B21ADB0>]}


============================== 23:36:05.568647 | ca4f1a19-2acf-4ad6-b146-f13329c5d966 ==============================
[0m23:36:05.568647 [info ] [MainThread]: Running with dbt=1.11.8
[0m23:36:05.568647 [debug] [MainThread]: running dbt with arguments {'static_parser': 'True', 'no_print': 'None', 'version_check': 'True', 'warn_error_options': 'WarnErrorOptionsV2(error=[], warn=[], silence=[])', 'target_path': 'None', 'printer_width': '80', 'write_json': 'True', 'introspect': 'True', 'log_cache_events': 'False', 'empty': 'False', 'cache_selected_only': 'False', 'log_format': 'default', 'debug': 'False', 'fail_fast': 'False', 'partial_parse': 'True', 'send_anonymous_usage_stats': 'True', 'quiet': 'False', 'warn_error': 'None', 'profiles_dir': 'C:\\Users\\patel\\.dbt', 'use_colors': 'True', 'indirect_selection': 'eager', 'invocation_command': 'dbt run', 'use_experimental_parser': 'False', 'log_path': 'logs'}
[0m23:36:05.569658 [error] [MainThread]: Encountered an error:
Runtime Error
  No dbt_project.yml found at expected path C:\Users\patel\AWS_DBT_snowflake\dbt_project.yml
  Verify that each entry within packages.yml (and their transitive dependencies) contains a file named dbt_project.yml
  
[0m23:36:05.570655 [debug] [MainThread]: Command `dbt run` failed at 23:36:05.570655 after 0.15 seconds
[0m23:36:05.570655 [debug] [MainThread]: Sending event: {'category': 'dbt', 'action': 'invocation', 'label': 'end', 'context': [<snowplow_tracker.self_describing_json.SelfDescribingJson object at 0x000001B82A669AF0>, <snowplow_tracker.self_describing_json.SelfDescribingJson object at 0x000001B82C3CA7E0>, <snowplow_tracker.self_describing_json.SelfDescribingJson object at 0x000001B82AD35640>]}
[0m23:36:05.571655 [debug] [MainThread]: Flushing usage events
[0m23:36:06.165416 [debug] [MainThread]: An error was encountered while trying to flush usage events
[0m21:30:57.518793 [debug] [MainThread]: Sending event: {'category': 'dbt', 'action': 'invocation', 'label': 'start', 'context': [<snowplow_tracker.self_describing_json.SelfDescribingJson object at 0x00000224CE29A9C0>, <snowplow_tracker.self_describing_json.SelfDescribingJson object at 0x00000224CDB48BC0>, <snowplow_tracker.self_describing_json.SelfDescribingJson object at 0x00000224CDE7F9B0>]}


============================== 21:30:57.682659 | a0a3fc19-3289-4ebe-b022-b1abf7ed8373 ==============================
[0m21:30:57.682659 [info ] [MainThread]: Running with dbt=1.11.8
[0m21:30:57.686845 [debug] [MainThread]: running dbt with arguments {'static_parser': 'True', 'no_print': 'None', 'version_check': 'True', 'warn_error_options': 'WarnErrorOptionsV2(error=[], warn=[], silence=[])', 'target_path': 'None', 'printer_width': '80', 'write_json': 'True', 'introspect': 'True', 'log_cache_events': 'False', 'empty': 'False', 'cache_selected_only': 'False', 'fail_fast': 'False', 'debug': 'False', 'log_format': 'default', 'profiles_dir': 'C:\\Users\\patel\\.dbt', 'send_anonymous_usage_stats': 'True', 'quiet': 'False', 'warn_error': 'None', 'partial_parse': 'True', 'indirect_selection': 'eager', 'invocation_command': 'dbt compile', 'use_colors': 'True', 'use_experimental_parser': 'False', 'log_path': 'logs'}
[0m21:30:57.688596 [error] [MainThread]: Encountered an error:
Runtime Error
  No dbt_project.yml found at expected path C:\Users\patel\AWS_DBT_snowflake\dbt_project.yml
  Verify that each entry within packages.yml (and their transitive dependencies) contains a file named dbt_project.yml
  
[0m21:30:57.689778 [debug] [MainThread]: Command `dbt compile` failed at 21:30:57.689778 after 1.80 seconds
[0m21:30:57.689778 [debug] [MainThread]: Sending event: {'category': 'dbt', 'action': 'invocation', 'label': 'end', 'context': [<snowplow_tracker.self_describing_json.SelfDescribingJson object at 0x00000224CE4FAE40>, <snowplow_tracker.self_describing_json.SelfDescribingJson object at 0x00000224CB99B470>, <snowplow_tracker.self_describing_json.SelfDescribingJson object at 0x00000224CF91B170>]}
[0m21:30:57.689778 [debug] [MainThread]: Flushing usage events
[0m21:30:59.081698 [debug] [MainThread]: An error was encountered while trying to flush usage events
